# This is the map data file of island_server
# You can add comments with "#" as first character of a line
# Null lines are also ignored.
# By Odin Feb 21, 1995
# Orginal by Annihilator

#
# The following defines the map of the Jer-Sen Island
# A map section begins with a size definition like
#
# map: <X> <Y>
# 
# Then followed by <Y> lines of <X> legends delimited with blank. Notice
# there shouldn't be any blank lines or comments in the legend lines part.

map: 17 17
O0 O0 O0 O0 O0 O0 O0 O0 O0 O0 O0 O0 O0 O0 O0 O0 O0
O0 O0 O0 O0 O0 O0 O1 O1 O1 O0 O0 O0 O0 O0 O0 O0 O0
O0 O0 O0 O0 O0 O1 D0 P0 D0 O1 O0 O0 M0 M0 O0 O0 O0
O0 O0 O0 O0 O1 D0 P0 R0 P0 D0 O1 O0 O0 M0 O0 O0 O0
O0 O0 O0 O1 W1 P0 P0 R0 P0 P0 W1 O1 O0 O0 O0 O0 O0
O0 O0 O1 D0 H0 W0 P0 R0 P0 W2 F0 D0 O1 O0 O0 O0 O0
O0 O1 D0 H0 H0 H0 W0 R0 W2 F0 F0 F0 D0 O1 O0 O0 O0
O0 O1 T0 R3 R3 R3 R3 T0 R1 R1 R1 R1 T0 O1 O0 O0 M0
O0 O1 D0 H0 H0 H0 W4 R2 W3 F0 F0 F0 D0 O1 O0 O0 O0
O0 O0 O1 D0 H0 W4 S0 R2 S0 W3 F0 D0 O1 O0 O0 O0 O0
O0 O0 O0 O1 W1 S0 S0 R2 S0 S0 W1 O1 O0 O0 O0 O0 O0
O0 O0 O0 O0 O1 D0 S0 R2 S0 D0 O1 O0 O0 O0 O0 O0 O0
O0 O0 O0 O0 O0 O1 D0 S0 D0 O1 O0 O0 O0 O0 O0 O0 O0
O0 O0 O0 O0 O0 O0 O1 O1 O1 O0 O0 O0 O0 O0 O0 O0 O0
O0 O0 O0 O0 O0 O0 O0 O0 O0 O0 O0 P0 O0 O0 O0 O0 O0
O0 O0 O0 O0 O0 O0 O0 O0 O0 M0 M0 H0 H0 O0 O0 O0 O0
O0 O0 O0 O0 O0 O0 O0 O0 O0 P0 F0 O0 O0 O0 O0 O0 O0

#
#  The following are definitions of terrain types in the map
#  Each terrain type is a section begin with a legend definition such as
#
#  legend: <legend>
#
#  The length of the legend is unlimited. It defines legends used in the map
#  section.
#  Lines following the legend definition are properties applied to the
#  legend. The format is
#
#  <property> <value>
#
#  You can concat 2 lines in 2 format. If the first character of a line is
#  '>' or '+', the line is concated to previous line. When '>' is used, a
#  new-line character is inserted between the two lines. For example:

#
#  long "This is a small room with stone walls
#  >"
#
#  This is will be concated as:
#
#  long "This is a small room with stone walls\n"
#

legend: P0
short "桃花林"
long "你身處在一片美麗的桃花林中，這裡正是所謂的『落英繽紛，芳草鮮
>美』，要是仔細觀察此處的桃樹，你會發現它們以某種奇異的次序排列著
>，但你又看不出有人力斧鑿的痕跡，或許是渾然天成的吧；在這裡站的越
>久，你越覺得世間的名利鬥爭已經離你遠去，這種心曠神怡的感覺，使你
>對這兒流連忘返。	
>"


legend: F0
short "樹海"
long "這是一片由高聳入雲的巨木所構成的樹海，由於樹木很密，致使你幾
>乎看不到樹林深處有什麼存在，也因此這裡從以前就有很多神秘的傳說。
>"

legend: S0
short "沼澤"
long "在這沼澤中長了不少植物，尤其是原本該是泥水的地面，也被一些草
>本植物蓋滿了，你走在這兒應該注意地面，否則會陷入泥沼，無法自拔。
>"

legend: M0
short "高山"
long "超人才能來！因為根本沒有
>"

legend: W0
short "小溪"
long "看來你還是受不了這清澈河水的召喚，悠遊在其中是十分愉悅的事，
>不過要注意兩件事，第一、別忘了換氣，第二、雖然可以游水、抓魚，但
>別汙染環境喔！這小溪一路往西北流去。
>"

legend: W1
short "溪口"
long "小溪流到這兒就到大海了，在這兒也比上游深多了，所以要特別小心
>啊！當然這兒跟海比來是要好多了。
>"

legend: W2
short "小溪"
long "看來你還是受不了這清澈河水的召喚，悠遊在其中是十分愉悅的事，
>不過要注意兩件事，第一、別忘了換氣，第二、雖然可以游水、抓魚，但
>別汙染環境喔！這小溪一路往東北流去。
>"

legend: W3
short "小溪"
long "看來你還是受不了這清澈河水的召喚，悠遊在其中是十分愉悅的事，
>不過要注意兩件事，第一、別忘了換氣，第二、雖然可以游水、抓魚，但
>別汙染環境喔！這小溪一路往東南流去。
>"

legend: W4
short "小溪"
long "看來你還是受不了這清澈河水的召喚，悠遊在其中是十分愉悅的事，
>不過要注意兩件事，第一、別忘了換氣，第二、雖然可以游水、抓魚，但
>別汙染環境喔！這小溪一路往西南流去。
>"

legend: H0
short "小丘陵"
long "這起伏不大的丘陵上長滿了嫩綠的鮮草，而點綴其上的小白花，使這
>裡令人覺得精神愉快，站在這兒可以看到遠方的大海，這是因為這裡都沒
>有高大的植物。
>"

legend: O0
short "深海"
long "你現在正載浮載沉地在海中飄流。
>"
block_move "swimmer"

legend: O1
short "淺海"
long "這兒是靠近岸邊的的淺海，雖然深淺不一，但總在10公尺以內，海是
>很危險的，隨時要注意自己的身體狀況，不要硬撐；唷！對了，這兒常有
>暗潮，不小心可能會被衝得很遠。
>"

legend: T0
short "城鎮"
long "這裡根據地圖記載應該有一個城鎮，如果你到了這裡，請通知任何一位
>巫師。
>"

legend: R0
short "桃林小徑"
long "這是蜿蜒在桃花林中的泥土小徑，路上佈滿了落下來的桃花，清新的
>空氣加上悅耳的鳥鳴，還有兩旁的桃花林，使走在這兒成了最佳享受；這
>小徑雖然不是很直，但是大致上還是由南向北延伸的。
>"

legend: R1
short "林蔭道"
long "這位在森林中的道路是魔族所造的，由石板鋪成的路面，筆直的在樹
>林中穿過，兩旁的樹木正好把陽光濾掉，走在這兒你覺得十分涼爽；東西
>向的林蔭道，連接了映世村和津鳴城。
>"

legend: R2
short "蘆葦便道"
long "在沼澤中造路是很不容易的，蜥蜴人想出了好方法，將石頭以草繩綁
>住，然後填在沼澤中，並在兩旁種植蘆葦，以保護路基，看了這條路以後
>，你想你對於蜥蜴人的智商要重新評估了；這不甚美觀但是很實用的道路
>是南北向的，它通往蜥蜴人的居所，走在上面要小心別把衣服弄髒了。
>"

legend: R3
short "車馬道"
long "這是蜿蜒在丘陵之中的道路，其實也不是刻意鋪出來的，而是來往人
>馬將地面上踏出一條小路，路是人走出來的，這話還真是沒錯；這小路是
>東西向的，通往武士堡。
>"


legend: D0
short "海灘"
long "這海灘的沙子是黃金色的，除此之外，夾雜在沙中的石英質，不斷的
>反著光線，一閃閃的，與蔚藍海面上的粼煦波光，相映成趣。
>"

#
#  This section allows definition a single room on the map with 
#  coordinate. A section begins with a room definition like:
#
#  room: <X coordinate>,<Y coordinate>
#
#  Notice the argument is treated as a single string in the filename
#  of a virtual room. For example, room 25,20 defines the virtual room
#  /d/noden/25,20.noden.c
#

room: 7,2
short "桃花林"
long "你身處在一片美麗的桃花林中，這裡正是所謂的『落英繽紛，芳草鮮
>美』，要是仔細觀察此處的桃樹，你會發現它們以某種特殊的次序排列著
>；在這裡站的越久，你越覺這兒的桃樹好像太密了，而且....好像會移動
>，事有蹊蹺，你想你最好仔細觀察一下，說不定會有收穫唷！
>"

room: 7,3
short "桃林小徑"
long "這是蜿蜒在桃花林中的泥土小徑，路上佈滿了落下來的桃花，清新的
>空氣加上悅耳的鳥鳴，還有兩旁的桃花林，使走在這兒成了最佳享受；這
>小徑一路由村口往北到這就消失了，由這往北還是桃花林，不同的是好像
>密了些，有些古怪，過去瞧瞧吧！
>"

room: 7,6
short "北村口"
long "往南就是謫仙島正中央的映世村了，映世村是位在一個略成圓形的小
>丘上，丘的東北、東南、西北、西南四個方向各有一個水流出口，水源似
>乎來自地底，當然它們就是島上四條小溪的源頭，如果你要進村的話可以
>沿石階而上，而從這往北是一片桃花林，路不太明顯，請小心。
>"

room: 6,7
short "西村口"
long "往東就是謫仙島正中央的映世村了，映世村是位在一個略成圓形的小
>丘上，丘的東北、東南、西北、西南四個方向各有一個水流出口，水源似
>乎來自地底，當然它們就是島上四條小溪的源頭，如果你要進村的話可以
>沿石階而上，而從這往西是起伏不定的小丘陵，那是屬於武士堡的勢力領
>域。
>"

room: 3,7
short "車馬道"
long "這是蜿蜒在丘陵之中的道路，其實也不是刻意鋪出來的，而是來往人
>馬將地面上踏出一條小路，路是人走出來的，這話還真是沒錯；這小路是
>東西向的，到這就到目的地了，現在在你西邊的是宏偉的武士堡，如果你
>是敵人的話，你就得小心了。
>"

room: 8,7
short "東村口"
long "往西就是謫仙島正中央的映世村了，映世村是位在一個略成圓形的小
>丘上，丘的東北、東南、西北、西南四個方向各有一個水流出口，水源似
>乎來自地底，當然它們就是島上四條小溪的源頭，如果你要進村的話可以
>沿石階而上，而打這兒往東是一片高聳的樹林，那兒是傳說中魔族津鳴城
>所在的地方。
>"

room: 11,7
short "林蔭道"
long "這位在森林中的道路是魔族所造的，由石板鋪成的路面，筆直的在樹
>林中穿過，兩旁的樹木正好把陽光濾掉，走在這兒你覺得十分涼爽；東西
>向的林蔭道，到這兒就停了，在你東邊竟是一個小湖，咦！津鳴城呢？你
>可能要找找了。
>"

room: 7,8
short "南村口"
long "往北就是謫仙島正中央的映世村了，映世村是位在一個略成圓形的小
>丘上，丘的東北、東南、西北、西南四個方向各有一個水流出口，水源似
>乎來自地底，當然它們就是島上四條小溪的源頭，如果你要進村的話可以
>沿石階而上，而從這往南是一片沼澤地，蜥蜴人的洞穴就在那兒。
>"

room: 7,11
short "蘆葦便道"
long "在沼澤中造路是很不容易的，蜥蜴人想出了好方法，將石頭以草繩綁
>住，然後填在沼澤中，並在兩旁種植蘆葦，以保護路基，看了這條路以後
>，你想你對於蜥蜴人的智商要重新評估了；這道路到這兒往南通往一個巖
>石平臺，那兒好像是蜥蜴人洞穴的入口，你想你應該小心點唷，蜥蜴人並
>不好惹啊！
>"

room: 7,12
short "岩石平臺"
long "這岩石平臺在沼澤中十分顯明，平臺上十分平整，顯然是蜥蜴人用心
>修整的結果，平常這臺上是沒有多少人的，只有進出的人經過，但是一發
>生戰爭，蜥蜴人便在此集合兵馬，那是很壯觀的場面；這平臺中央便是洞
>穴入口了，裡頭黑黝黝的，有點嚇人，拿出勇氣，下去看看吧！
>"
